
> pagluz-site@0.1.0 build
> next build

node.exe : ÔÜá Warning: Next.js inferred your workspace root, 
but it may not be correct.
No linha:1 caractere:1
+ & "C:\Program Files\nodejs/node.exe" 
"C:\Users\Douglas\AppData\Roamin ...
+ ~~~~~~~~~~~~~~~~~~~~~~~~~~~~~~~~~~~~~~~~~~~~~~~~~~~~~~~~~~~~
~~~~~~~~~
    + CategoryInfo          : NotSpecified: (ÔÜá Warning: Ne. 
   ..not be correct.:String) [], RemoteException
    + FullyQualifiedErrorId : NativeCommandError
 
 We detected multiple lockfiles and selected the directory of 
C:\Users\Douglas\package-lock.json as the root directory.
 To silence this warning, set `turbopack.root` in your 
Next.js config, or consider removing one of the lockfiles if 
it's not needed.
   See https://nextjs.org/docs/app/api-reference/config/next-c
onfig-js/turbopack#root-directory for more information.
 Detected additional lockfiles: 
   * C:\Users\Douglas\Desktop\Arquivos 
Diversos\PagLuz\Refatora├º├úo do 
Site\pagluz-site\package-lock.json

Ôû▓ Next.js 16.1.6 (Turbopack)

  Creating an optimized production build ...

thread 'tokio-runtime-worker' (10528) panicked at 
turbopack\crates\turbopack-core\src\ident.rs:352:34:
byte index 42 is not a char boundary; it is inside '├º' 
(bytes 41..43) of `Desktop_Arquivos 
Diversos_PagLuz_Refatora├º├úo do Site_pagluz-site__next-intern
al_server_app_gerador_page_actions_5f9b7da8`
note: run with `RUST_BACKTRACE=1` environment variable to 
display a backtrace

-----
[1m[31mFATAL[39m[0m: An unexpected Turbopack error 
occurred. A panic log has been written to C:\Users\Douglas\App
Data\Local\Temp\next-panic-a98ded5d6f7c9c5ce770e3f429669a3f.lo
g.

To help make Turbopack better, report this error by ]8;;https
://github.com/vercel/next.js/discussions/new?category=turbopac
k-error-report&title=Turbopack%20Error%3A%20byte%20index%2042%
20is%20not%20a%20char%20boundary%3B%20it%20is%20inside%20%27%C
3%A7%27%20%28bytes%2041..43%29%20of%20%60Desktop_Arquivos%20Di
versos_PagLuz_Refatora%C3%A7%C3%A3o%20do%20Site_pagluz-site__n
ext-internal_server_app_gerador_page_actions_5f9b7da8%60&body=
Turbopack%20version%3A%20%6023c46498%60%0ANext.js%20version%3A
%20%600.0.0%60%0A%0AError%20message%3A%0A%60%60%60%0Abyte%20in
dex%2042%20is%20not%20a%20char%20boundary%3B%20it%20is%20insid
e%20%27%C3%A7%27%20%28bytes%2041..43%29%20of%20%60Desktop_Arqu
ivos%20Diversos_PagLuz_Refatora%C3%A7%C3%A3o%20do%20Site_paglu
z-site__next-internal_server_app_gerador_page_actions_5f9b7da8
%60%0A%0ADebug%20info%3A%0A-%20Execution%20of%20get_all_writte
n_entrypoints_with_issues_operation%20failed%0A-%20Execution%2
0of%20EntrypointsOperation%3A%3Anew%20failed%0A-%20Execution%2
0of%20all_entrypoints_write_to_disk_operation%20failed%0A-%20E
xecution%20of%20Project%3A%3Aemit_all_output_assets%20failed%0
A-%20Execution%20of%20emit_assets%20failed%0A-%20Execution%20o
f%20emit%20failed%0A-%20Execution%20of%20%3CSourceMapAsset%20a
s%20Asset%3E%3A%3Acontent%20failed%0A-%20Execution%20of%20%3CE
cmascriptBuildNodeEntryChunk%20as%20GenerateSourceMap%3E%3A%3A
generate_source_map%20failed%0A-%20Execution%20of%20%2A%3CCode
%20as%20GenerateSourceMap%3E%3A%3Agenerate_source_map%20failed
%0A-%20Execution%20of%20EcmascriptBuildNodeEntryChunk%3A%3Acod
e%20failed%0A-%20Execution%20of%20%3CNodeJsChunkingContext%20a
s%20ChunkingContext%3E%3A%3Achunk_path%20failed%0A-%20Executio
n%20of%20AssetIdent%3A%3Aoutput_name%20failed%0A-%20byte%20ind
ex%2042%20is%20not%20a%20char%20boundary%3B%20it%20is%20inside
%20%27%C3%A7%27%20%28bytes%2041..43%29%20of%20%60Desktop_Arqui
vos%20Diversos_PagLuz_Refatora%C3%A7%C3%A3o%20do%20Site_pagluz
-site__next-internal_server_app_gerador_page_actions_5f9b7da8%
60%0A%60%60%60&labels=Turbopack,Turbopack%20Panic%20Backtrace
\clicking here.]8;;\
-----


> Build error occurred
Error [TurbopackInternalError]: byte index 42 is not a char 
boundary; it is inside '├º' (bytes 41..43) of 
`Desktop_Arquivos Diversos_PagLuz_Refatora├º├úo do Site_pagluz
-site__next-internal_server_app_gerador_page_actions_5f9b7da8`

Debug info:
- Execution of 
get_all_written_entrypoints_with_issues_operation failed
- Execution of EntrypointsOperation::new failed
- Execution of all_entrypoints_write_to_disk_operation failed
- Execution of Project::emit_all_output_assets failed
- Execution of emit_assets failed
- Execution of emit failed
- Execution of <SourceMapAsset as Asset>::content failed
- Execution of <EcmascriptBuildNodeEntryChunk as 
GenerateSourceMap>::generate_source_map failed
- Execution of *<Code as 
GenerateSourceMap>::generate_source_map failed
- Execution of EcmascriptBuildNodeEntryChunk::code failed
- Execution of <NodeJsChunkingContext as 
ChunkingContext>::chunk_path failed
- Execution of AssetIdent::output_name failed
- byte index 42 is not a char boundary; it is inside '├º' 
(bytes 41..43) of `Desktop_Arquivos 
Diversos_PagLuz_Refatora├º├úo do Site_pagluz-site__next-intern
al_server_app_gerador_page_actions_5f9b7da8`
    at <unknown> (TurbopackInternalError: byte index 42 is 
not a char boundary; it is inside '├º' (bytes 41..43) of 
`Desktop_Arquivos Diversos_PagLuz_Refatora├º├úo do Site_pagluz
-site__next-internal_server_app_gerador_page_actions_5f9b7da8`
) {
  type: 'TurbopackInternalError',
  location: 
'turbopack\\crates\\turbopack-core\\src\\ident.rs:352:34'
}
